Archive member included to satisfy reference by file (symbol)

../../../lib/libchip.a(ac101.o)
                              (--whole-archive)
../../../lib/libchip.a(ac107.o)
                              (--whole-archive)
../../../lib/libchip.a(xradio_internal_codec.o)
                              (--whole-archive)
../../../lib/libchip.a(drv_trng.o)
                              (--whole-archive)
../../../lib/libchip.a(flash_crypto.o)
                              (--whole-archive)
../../../lib/libchip.a(flash_EN25QHXXX.o)
                              (--whole-archive)
../../../lib/libchip.a(flash_chip.o)
                              (--whole-archive)
../../../lib/libchip.a(flash_chip_cfg.o)
                              (--whole-archive)
../../../lib/libchip.a(hal_adc.o)
                              (--whole-archive)
../../../lib/libchip.a(hal_board.o)
                              (--whole-archive)
../../../lib/libchip.a(hal_ccm.o)
                              (--whole-archive)
../../../lib/libchip.a(hal_crypto.o)
                              (--whole-archive)
../../../lib/libchip.a(hal_csi.o)
                              (--whole-archive)
../../../lib/libchip.a(hal_csi_jpeg.o)
                              (--whole-archive)
../../../lib/libchip.a(hal_dcache.o)
                              (--whole-archive)
../../../lib/libchip.a(hal_dma.o)
                              (--whole-archive)
../../../lib/libchip.a(hal_dmic.o)
                              (--whole-archive)
../../../lib/libchip.a(hal_efuse.o)
                              (--whole-archive)
../../../lib/libchip.a(hal_flash.o)
                              (--whole-archive)
../../../lib/libchip.a(hal_flashctrl.o)
                              (--whole-archive)
../../../lib/libchip.a(hal_global.o)
                              (--whole-archive)
../../../lib/libchip.a(hal_gpio.o)
                              (--whole-archive)
../../../lib/libchip.a(hal_i2c.o)
                              (--whole-archive)
../../../lib/libchip.a(hal_i2s.o)
                              (--whole-archive)
../../../lib/libchip.a(hal_icache.o)
                              (--whole-archive)
../../../lib/libchip.a(hal_irrx.o)
                              (--whole-archive)
../../../lib/libchip.a(hal_irtx.o)
                              (--whole-archive)
../../../lib/libchip.a(hal_mbox.o)
                              (--whole-archive)
../../../lib/libchip.a(hal_nvic.o)
                              (--whole-archive)
../../../lib/libchip.a(hal_prcm.o)
                              (--whole-archive)
../../../lib/libchip.a(hal_psensor.o)
                              (--whole-archive)
../../../lib/libchip.a(hal_pwm.o)
                              (--whole-archive)
../../../lib/libchip.a(hal_rcosc_cali.o)
                              (--whole-archive)
../../../lib/libchip.a(hal_rtc.o)
                              (--whole-archive)
../../../lib/libchip.a(hal_scr.o)
                              (--whole-archive)
../../../lib/libchip.a(hal_snd_card.o)
                              (--whole-archive)
../../../lib/libchip.a(hal_spi.o)
                              (--whole-archive)
../../../lib/libchip.a(hal_spinlock.o)
                              (--whole-archive)
../../../lib/libchip.a(hal_swd.o)
                              (--whole-archive)
../../../lib/libchip.a(hal_sysctl.o)
                              (--whole-archive)
../../../lib/libchip.a(hal_timer.o)
                              (--whole-archive)
../../../lib/libchip.a(hal_trng.o)
                              (--whole-archive)
../../../lib/libchip.a(hal_uart.o)
                              (--whole-archive)
../../../lib/libchip.a(hal_util.o)
                              (--whole-archive)
../../../lib/libchip.a(hal_wakeup.o)
                              (--whole-archive)
../../../lib/libchip.a(hal_wdg.o)
                              (--whole-archive)
../../../lib/libchip.a(hal_wkpin.o)
                              (--whole-archive)
../../../lib/libchip.a(hal_xip.o)
                              (--whole-archive)
../../../lib/libchip.a(ir_nec.o)
                              (--whole-archive)
../../../lib/libchip.a(system_chip.o)
                              (--whole-archive)
../../../lib/libxrsys.a(coexist.o)
                              (--whole-archive)
../../../lib/libxrsys.a(sys_heap.o)
                              (--whole-archive)
../../../lib/libxrsys.a(dma_heap.o)
                              (--whole-archive)
../../../lib/libxrsys.a(psram_heap.o)
                              (--whole-archive)
../../../lib/libxrsys.a(sram_heap.o)
                              (--whole-archive)
../../../lib/libxrsys.a(interrupt.o)
                              (--whole-archive)
../../../lib/librom.a(rom_core.o)
                              (--whole-archive)
../../../lib/libimage.a(image.o)
                              ../../../lib/librom.a(rom_core.o) (image_get_addr)
[...]
Memory Configuration

Name             Origin             Length             Attributes
RAM              0x0000000000230000 0x0000000000017c00 xrw
FLASH            0x0000000000400000 0x0000000000000000 xr
PSRAM            0x0000000001400000 0x0000000000000000 xrw
*default*        0x0000000000000000 0xffffffffffffffff

Linker script and memory map

LOAD /home/PDC-XRseries/tools/gcc-arm-none-eabi-10-2020-q4-major/bin/../lib/gcc/arm-none-eabi/10.2.1/thumb/v8-m.main+fp/softfp/crti.o
LOAD /home/PDC-XRseries/tools/gcc-arm-none-eabi-10-2020-q4-major/bin/../lib/gcc/arm-none-eabi/10.2.1/thumb/v8-m.main+fp/softfp/crtbegin.o
LOAD /home/PDC-XRseries/tools/gcc-arm-none-eabi-10-2020-q4-major/bin/../lib/gcc/arm-none-eabi/10.2.1/../../../../arm-none-eabi/lib/thumb/v8-m.main+fp/softfp/crt0.o
LOAD ../main.o
LOAD ../psram.o
LOAD ../../../project/common/startup/gcc/retarget.o
LOAD ../../../project/common/startup/gcc/retarget_main.o
LOAD ../../../project/common/startup/gcc/retarget_stdout.o
LOAD ../../../project/common/startup/gcc/startup.o
LOAD ../../../project/common/board/board.o
LOAD ../../../project/common/board/board_common.o
LOAD ../../../project/common/board/xradio_bl/board_config.o
LOAD ../../../lib/libchip.a
LOAD ../../../lib/libxrsys.a
LOAD ../../../lib/librom.a
LOAD ../../../lib/libimage.a
LOAD ../../../lib/libdebug.a
LOAD ../../../lib/libxrc.a
LOAD /home/PDC-XRseries/tools/gcc-arm-none-eabi-10-2020-q4-major/bin/../lib/gcc/arm-none-eabi/10.2.1/../../../../arm-none-eabi/lib/thumb/v8-m.main+fp/softfp/libstdc++_nano.a
LOAD /home/PDC-XRseries/tools/gcc-arm-none-eabi-10-2020-q4-major/bin/../lib/gcc/arm-none-eabi/10.2.1/../../../../arm-none-eabi/lib/thumb/v8-m.main+fp/softfp/libsupc++_nano.a
LOAD /home/PDC-XRseries/tools/gcc-arm-none-eabi-10-2020-q4-major/bin/../lib/gcc/arm-none-eabi/10.2.1/../../../../arm-none-eabi/lib/thumb/v8-m.main+fp/softfp/libm.a
LOAD /home/PDC-XRseries/tools/gcc-arm-none-eabi-10-2020-q4-major/bin/../lib/gcc/arm-none-eabi/10.2.1/../../../../arm-none-eabi/lib/thumb/v8-m.main+fp/softfp/libc_nano.a
LOAD /home/PDC-XRseries/tools/gcc-arm-none-eabi-10-2020-q4-major/bin/../lib/gcc/arm-none-eabi/10.2.1/thumb/v8-m.main+fp/softfp/libgcc.a
LOAD ../../../lib/libxrc.a
START GROUP
LOAD ../../../lib/ohos/libutils_kv_store.a
LOAD ../../../lib/ohos/libhichainsdk.a
LOAD ../../../lib/ohos/libliteos_glue.a
LOAD ../../../lib/ohos/libbacktrace.a
LOAD ../../../lib/ohos/libsec.a
LOAD ../../../lib/ohos/libsamgr_adapter.a
LOAD ../../../lib/ohos/libhal_sysparam.a
LOAD ../../../lib/ohos/libposix.a
LOAD ../../../lib/ohos/libarch.a
LOAD ../../../lib/ohos/libcmsis.a
LOAD ../../../lib/ohos/libnative_file.a
LOAD ../../../lib/ohos/libhiview_lite.a
LOAD ../../../lib/ohos/libsamgr.a
LOAD ../../../lib/ohos/libhal_iothardware.a
LOAD ../../../lib/ohos/libhal_file_static.a
LOAD ../../../lib/ohos/libdump_static.a
LOAD ../../../lib/ohos/libsysparam.a
LOAD ../../../lib/ohos/libkal.a
LOAD ../../../lib/ohos/libbroadcast.a
LOAD ../../../lib/ohos/libsamgr_source.a
LOAD ../../../lib/ohos/libhilog_lite.a
LOAD ../../../lib/ohos/libutils.a
LOAD ../../../lib/ohos/libhal_token_static.a
LOAD ../../../lib/ohos/libhievent_lite.a
LOAD ../../../lib/ohos/libkernel.a
LOAD ../../../lib/ohos/libcpup.a
LOAD ../../../lib/ohos/libexchook.a
LOAD ../../../lib/ohos/libwifiservice.a
LOAD ../../../lib/ohos/libtoken_static.a
LOAD ../../../lib/ohos/libhilog_lite_command.a
LOAD ../../../lib/ohos/libbootstrap.a
END GROUP
START GROUP
LOAD /home/PDC-XRseries/tools/gcc-arm-none-eabi-10-2020-q4-major/bin/../lib/gcc/arm-none-eabi/10.2.1/thumb/v8-m.main+fp/softfp/libgcc.a
LOAD /home/PDC-XRseries/tools/gcc-arm-none-eabi-10-2020-q4-major/bin/../lib/gcc/arm-none-eabi/10.2.1/../../../../arm-none-eabi/lib/thumb/v8-m.main+fp/softfp/libc_nano.a
END GROUP
START GROUP
LOAD /home/PDC-XRseries/tools/gcc-arm-none-eabi-10-2020-q4-major/bin/../lib/gcc/arm-none-eabi/10.2.1/thumb/v8-m.main+fp/softfp/libgcc.a
LOAD /home/PDC-XRseries/tools/gcc-arm-none-eabi-10-2020-q4-major/bin/../lib/gcc/arm-none-eabi/10.2.1/../../../../arm-none-eabi/lib/thumb/v8-m.main+fp/softfp/libc_nano.a
LOAD /home/PDC-XRseries/tools/gcc-arm-none-eabi-10-2020-q4-major/bin/../lib/gcc/arm-none-eabi/10.2.1/../../../../arm-none-eabi/lib/thumb/v8-m.main+fp/softfp/libnosys.a
END GROUP
START GROUP
LOAD /home/PDC-XRseries/tools/gcc-arm-none-eabi-10-2020-q4-major/bin/../lib/gcc/arm-none-eabi/10.2.1/thumb/v8-m.main+fp/softfp/libgcc.a
LOAD /home/PDC-XRseries/tools/gcc-arm-none-eabi-10-2020-q4-major/bin/../lib/gcc/arm-none-eabi/10.2.1/../../../../arm-none-eabi/lib/thumb/v8-m.main+fp/softfp/libc_nano.a
LOAD /home/PDC-XRseries/tools/gcc-arm-none-eabi-10-2020-q4-major/bin/../lib/gcc/arm-none-eabi/10.2.1/../../../../arm-none-eabi/lib/thumb/v8-m.main+fp/softfp/libnosys.a
END GROUP
LOAD /home/PDC-XRseries/tools/gcc-arm-none-eabi-10-2020-q4-major/bin/../lib/gcc/arm-none-eabi/10.2.1/thumb/v8-m.main+fp/softfp/crtend.o
LOAD /home/PDC-XRseries/tools/gcc-arm-none-eabi-10-2020-q4-major/bin/../lib/gcc/arm-none-eabi/10.2.1/thumb/v8-m.main+fp/softfp/crtn.o
                0x00000000000216a9                abs = 0x216a9
                0x000000000000c3fd                ADC_DisableFifoDataDRQ = 0xc3fd
                0x000000000000c3dd                ADC_DisableFifoDataIRQ = 0xc3dd
                0x000000000000c3ed                ADC_EnableFifoDataDRQ = 0xc3ed
                0x0000000000026431                __adddf3 = 0x26431
                0x0000000000026c5d                __aeabi_cdcmpeq = 0x26c5d
                0x0000000000026c5d                __aeabi_cdcmple = 0x26c5d
                0x0000000000026c4d                __aeabi_cdrcmple = 0x26c4d
                0x0000000000026d8d                __aeabi_d2f = 0x26d8d
                0x0000000000026cfd                __aeabi_d2iz = 0x26cfd
                0x0000000000026e5d                __aeabi_d2lz = 0x26e5d
                0x0000000000026d4d                __aeabi_d2uiz = 0x26d4d
                0x0000000000026e8d                __aeabi_d2ulz = 0x26e8d
                0x0000000000026431                __aeabi_dadd = 0x26431
                0x0000000000026c6d                __aeabi_dcmpeq = 0x26c6d
                0x0000000000026ca9                __aeabi_dcmpge = 0x26ca9
                0x0000000000026cbd                __aeabi_dcmpgt = 0x26cbd
                0x0000000000026c95                __aeabi_dcmple = 0x26c95
                0x0000000000026c81                __aeabi_dcmplt = 0x26c81
                0x0000000000026cd1                __aeabi_dcmpun = 0x26cd1
                0x00000000000269f1                __aeabi_ddiv = 0x269f1
                0x000000000002679d                __aeabi_dmul = 0x2679d
                0x0000000000026425                __aeabi_drsub = 0x26425
                0x000000000002642d                __aeabi_dsub = 0x2642d
                0x00000000000266ed                __aeabi_f2d = 0x266ed
                0x00000000000266c9                __aeabi_i2d = 0x266c9
                0x0000000000027191                __aeabi_idiv0 = 0x27191
                0x0000000000026741                __aeabi_l2d = 0x26741
                0x0000000000027191                __aeabi_ldiv0 = 0x27191
                0x00000000000266a9                __aeabi_ui2d = 0x266a9
                0x0000000000026731                __aeabi_ul2d = 0x26731
                0x0000000000026e2d                __aeabi_uldivmod = 0x26e2d
                0x0000000000025a69                __any_on = 0x25a69
                0x0000000000018cdd                app_image_get_addr = 0x18cdd
                0x00000000000252a1                __ascii_mbtowc = 0x252a1
                0x0000000000026409                __ascii_wctomb = 0x26409
                0x00000000000216b1                atoi = 0x216b1
                0x00000000000216b9                atol = 0x216b9
                0x0000000000025899                __b2d = 0x25899
                0x00000000000252c5                _Balloc = 0x252c5
                0x000000000002532d                _Bfree = 0x2532d
                0x00000000000216c1                //calloc = 0x216c1
                0x00000000000217b7                //_calloc_r = 0x217b7
                0x000000000000ac59                check_wakeup_irqs = 0xac59
                0x0000000000026bd1                __cmpdf2 = 0x26bd1
                0x00000000000279c8                _C_numeric_locale = 0x279c9
                0x0000000000025a35                __copybits = 0x25a35
                0x000000000000a86d                __cpu_sleep = 0xa86d
                0x000000000000a8c5                __cpu_suspend = 0xa8c5
                0x000000000000b9d1                cpu_tz_suspend = 0xb9d1
                0x000000000001c610                _ctype = 0x1c611
                0x00000000000278b8                _ctype_ = 0x278b9
                0x00000000002003bc                __ctype_ptr__ = 0x2003bc
                0x00000000000217d3                __cvt = 0x217d3
                0x000000000002593d                __d2b = 0x2593d
                0x000000000001695f                defaultDisableQPIMode = 0x1695f
                0x0000000000016e0f                defaultDisableXIP = 0x16e0f
                0x0000000000016c29                defaultDriverRead = 0x16c29
                0x0000000000016b8d                defaultDriverWrite = 0x16b8d
                0x0000000000016917                defaultEnableQPIMode = 0x16917
                0x0000000000016e0b                defaultEnableXIP = 0x16e0b
                0x00000000000167bd                defaultErase = 0x167bd
                0x00000000000168e3                defaultGetJedecID = 0x168e3
                0x0000000000016edb                defaultGetMinEraseSize = 0x16edb
                0x00000000000169c9                defaultGetUniqueID = 0x169c9
                0x0000000000016e13                defaultIsBusy = 0x16e13
                0x0000000000016e35                defaultIsSuspend = 0x16e35
                0x0000000000016a05                defaultPageProgram = 0x16a05
                0x0000000000016891                defaultPowerDown = 0x16891
                0x0000000000016a8d                defaultRead = 0x16a8d
                0x00000000000166c5                defaultReadStatus = 0x166c5
                0x00000000000168af                //defaultReleasePowerDown = 0x168af
                0x000000000001698b                defaultReset = 0x1698b
                0x0000000000016873                defaultResumeErasePageprogram = 0x16873
                0x0000000000016d89                defaultSetFreq = 0x16d89
                0x0000000000016855                defaultSuspendErasePageprogram = 0x16855
                0x0000000000016d93                defaultSwitchReadMode = 0x16d93
                0x00000000000166a5                defaultWriteDisable = 0x166a5
                0x0000000000016685                defaultWriteEnable = 0x16685
                0x000000000001672d                defaultWriteStatus = 0x1672d
                0x0000000000016cc5                defaultXipDriverCfg = 0x16cc5
                0x00000000000216d1                div = 0x216d1
                0x00000000000269f1                __divdf3 = 0x269f1
                0x000000000000de75                DMA_ClearPendingIRQ = 0xde75
                0x000000000000de4d                DMA_DisableIRQ = 0xde4d
                0x000000000000de39                DMA_EnableIRQ = 0xde39
                0x000000000000dd9d                DMA_IRQHandler = 0xdd9d
                0x000000000000de61                DMA_IsPendingIRQ = 0xde61
                0x000000000000af4d                dpm_resume = 0xaf4d
                0x000000000000ae9d                dpm_resume_noirq = 0xae9d
                0x000000000000ad95                dpm_suspend = 0xad95
                0x000000000000ac65                dpm_suspend_noirq = 0xac65
                0x00000000000240e9                _dtoa_r = 0x240e9
                0x000000000001716d                EN25QHXXA_ReadStatus = 0x1716d
                0x0000000000026bd1                __eqdf2 = 0x26bd1
                0x000000000001bc59                exception_entry = 0x1bc59
                0x000000000001bc4d                exception_register_panic_cli = 0x1bc4d
                0x0000000000021893                __exponent = 0x21893
                0x0000000000020b21                export_rom_symbol = 0x20b21
                0x00000000000266ed                __extendsfdf2 = 0x266ed
                0x000000000000f8f9                FC_Cbus_RW_Enable = 0xf8f9
                0x000000000000f7f9                FC_Clr_Crypto_Infor = 0xf7f9
                0x000000000000f7d5                FC_Crypto_Enable = 0xf7d5
                0x000000000000f81d                __FC_DebugCheck = 0xf81d
                0x000000000000f889                FC_Ibus_DummyData = 0xf889
                0x000000000000f831                FC_Ibus_ReadConfig = 0xf831
                0x000000000000f895                FC_Ibus_TransmitDelay = 0xf895
                0x000000000000fef1                FC_SbusFinish = 0xfef1
                0x000000000000f961                FC_Sbus_GetBufCnt = 0xf961
                0x000000000000f945                FC_Sbus_IsAvailable = 0xf945
                0x000000000000fe0d                FC_SbusPrepare = 0xfe0d
                0x000000000000f8e1                FC_Sbus_ResetFIFO = 0xf8e1
                0x000000000000f90d                FC_Sbus_TransmitDelay = 0xf90d
                0x000000000000f8c5                FC_SetFlash = 0xf8c5
                0x0000000000018169                fdcm_close = 0x18169
                0x00000000000180e1                fdcm_erase = 0x180e1
                0x0000000000026e5d                __fixdfdi = 0x26e5d
                0x0000000000026cfd                __fixdfsi = 0x26cfd
                0x0000000000026e8d                __fixunsdfdi = 0x26e8d
                0x0000000000026d4d                __fixunsdfsi = 0x26d4d
                0x000000000000e7d5                flashcFlashClose = 0xe7d5
                0x000000000000e805                flashcFlashDestroy = 0xe805
                0x000000000000e85d                flashcFlashIoctl = 0xe85d
                0x000000000000e789                flashcFlashMsleep = 0xe789
                0x000000000000e7a5                flashcFlashOpen = 0xe7a5
                0x000000000000e9e5                flashcFlashRead = 0xe9e5
                0x000000000000e781                flashcFlashSetFreq = 0xe781
                0x000000000000e96d                flashcFlashWrite = 0xe96d
                0x00000000000165cd                FlashChipEnum = 0x165cd
                0x000000000000f755                __flashc_resume = 0xf755
                0x000000000000f6a1                __flashc_suspend = 0xf6a1
                0x0000000000026741                __floatdidf = 0x26741
                0x00000000000266c9                __floatsidf = 0x266c9
                0x0000000000026731                __floatundidf = 0x26731
                0x00000000000266a9                __floatunsidf = 0x266a9
                0x0000000000021711                //free = 0x21711
                0x0000000000026bc1                __gedf2 = 0x26bc1
                0x000000000000eb15                getFlashChip = 0xeb15
                0x000000000000eb1d                getFlashDev = 0xeb1d
                0x000000000000eb19                getFlashMode = 0xeb19
                0x0000000000024ce9                __gethex = 0x24ce9
                0x000000000000c2c9                GPADC_IRQHandler = 0xc2c9
                0x000000000001069d                GPIOA_IRQHandler = 0x1069d
                0x00000000000106a5                GPIOB_IRQHandler = 0x106a5
                0x0000000000026bc1                __gtdf2 = 0x26bc1
                0x000000000000c9a5                __HAL_ADC_ConfigChannel = 0xc9a5
                0x000000000000c721                __HAL_ADC_Conv_Polling = 0xc721
                0x000000000000c651                HAL_ADC_DeInit = 0xc651
                0x000000000000c941                HAL_ADC_DisableIRQCallback = 0xc941
                0x000000000000c8d9                HAL_ADC_EnableIRQCallback = 0xc8d9
                0x000000000000cc01                __HAL_ADC_FifoConfigChannel = 0xcc01
                0x000000000000cf8d                HAL_ADC_GetFifoData = 0xcf8d
                0x000000000000cf9d                HAL_ADC_GetFifoDataCount = 0xcf9d
                0x000000000000ceb1                HAL_ADC_GetIRQState = 0xceb1
                0x000000000000cf5d                HAL_ADC_GetValue = 0xcf5d
                0x000000000000c40d                __HAL_ADC_Init = 0xc40d
                0x000000000000cfad                HAL_ADC_SetBypassPmMode = 0xcfad
                0x000000000000c3a9                HAL_ADC_Set_VrefMode = 0xc3a9
                0x000000000000cd3d                HAL_ADC_Start_Conv_IT = 0xcd3d
                0x000000000000ce19                HAL_ADC_Stop_Conv_IT = 0xce19
                0x00000000002004c0                _adc_priv = 0x2004c0
                0x000000000000d264                adc_name = 0xd264
                0x000000000000d279                HAL_BoardIoctl = 0xd279
                0x000000000000d269                HAL_BoardIoctlCbRegister = 0xd269
                0x000000000000d50d                HAL_CCM_AudioCodec_DisableMClock = 0xd50d
                0x000000000000d4fd                HAL_CCM_AudioCodec_EnableMClock = 0xd4fd
                0x000000000000d39d                HAL_CCM_BusDisableAllPeriphClock = 0xd39d
                0x000000000000d38d                HAL_CCM_BusDisablePeriphClock = 0xd38d
                0x000000000000d37d                HAL_CCM_BusEnablePeriphClock = 0xd37d
                0x000000000000d3c9                HAL_CCM_BusForceAllPeriphReset = 0xd3c9
                0x000000000000d3a9                HAL_CCM_BusForcePeriphReset = 0xd3a9
                0x000000000000d325                HAL_CCM_BusGetAHB1Clock = 0xd325
                0x000000000000d329                HAL_CCM_BusGetAHB2Clock = 0xd329
                0x000000000000d345                HAL_CCM_BusGetAPBClock = 0xd345
                0x000000000000d3b9                HAL_CCM_BusReleasePeriphReset = 0xd3b9
                0x000000000000d665                HAL_CCM_BusSetAPBSClock = 0xd665
                0x000000000000d315                HAL_CCM_BusSetClock = 0xd315
                0x000000000000d43d                HAL_CCM_CE_DisableMClock = 0xd43d
                0x000000000000d42d                HAL_CCM_CE_EnableMClock = 0xd42d
                0x000000000000d411                HAL_CCM_CE_SetMClock = 0xd411
                0x000000000000d4c1                HAL_CCM_CLASSD_SelectClock = 0xd4c1
                0x000000000000d4d5                HAL_CCM_CODEC_SelectAdcClock = 0xd4d5
                0x000000000000d4ad                HAL_CCM_DAUDIO_DisableMClock = 0xd4ad
                0x000000000000d49d                HAL_CCM_DAUDIO_EnableMClock = 0xd49d
                0x000000000000d4bd                HAL_CCM_DAUDIO_SelectMClock = 0xd4bd
                0x000000000000d489                HAL_CCM_DAUDIO_SetMClock = 0xd489
                0x000000000000d655                HAL_CCM_FLASHC_DisableMClock = 0xd655
                0x000000000000d645                HAL_CCM_FLASHC_EnableMClock = 0xd645
                0x000000000000d629                HAL_CCM_FLASHC_SetMClock = 0xd629
                0x000000000000d4e9                HAL_CCM_I2S_SelectOutClock = 0xd4e9
                0x000000000000d6ed                HAL_CCM_Init = 0xd6ed
                0x000000000000d549                HAL_CCM_IRRX_DisableMClock = 0xd549
                0x000000000000d539                HAL_CCM_IRRX_EnableMClock = 0xd539
                0x000000000000d51d                HAL_CCM_IRRX_SetMClock = 0xd51d
                0x000000000000d585                HAL_CCM_IRTX_DisableMClock = 0xd585
                0x000000000000d575                HAL_CCM_IRTX_EnableMClock = 0xd575
                0x000000000000d559                HAL_CCM_IRTX_SetMClock = 0xd559
                0x000000000000d479                HAL_CCM_KEYBOARD_DisableMClock = 0xd479
                0x000000000000d469                HAL_CCM_KEYBOARD_EnableMClock = 0xd469
                0x000000000000d44d                HAL_CCM_KEYBOARD_SetMClock = 0xd44d
                0x000000000000d6dd                HAL_CCM_PSRAMC_DisableMClock = 0xd6dd
                0x000000000000d6cd                HAL_CCM_PSRAMC_EnableMClock = 0xd6cd
                0x000000000000d6b1                HAL_CCM_PSRAMC_SetMClock = 0xd6b1
                0x000000000000d401                HAL_CCM_SPI0_DisableMClock = 0xd401
                0x000000000000d3f1                HAL_CCM_SPI0_EnableMClock = 0xd3f1
                0x000000000000d3d5                HAL_CCM_SPI0_SetMClock = 0xd3d5
                0x000000000000d5e1                HAL_CCM_SYSTICK_DisableRef = 0xd5e1
                0x000000000000d5c1                HAL_CCM_SYSTICK_DisableRefClock = 0xd5c1
                0x000000000000d601                HAL_CCM_SYSTICK_DisableSkew = 0xd601
                0x000000000000d5d1                HAL_CCM_SYSTICK_EnableRef = 0xd5d1
                0x000000000000d5b1                HAL_CCM_SYSTICK_EnableRefClock = 0xd5b1
                0x000000000000d5f1                HAL_CCM_SYSTICK_EnableSkew = 0xd5f1
                0x000000000000d595                HAL_CCM_SYSTICK_SetRefClock = 0xd595
                0x000000000000d611                HAL_CCM_SYSTICK_SetTENMS = 0xd611
                0x000000000000d9e9                HAL_Dcache_Clean = 0xd9e9
                0x000000000000d99d                HAL_Dcache_CleanAll = 0xd99d
                0x000000000000db21                HAL_Dcache_Config_WriteThrough = 0xdb21
                0x000000000000dc71                HAL_Dcache_DeInit = 0xdc71
                0x000000000000dc01                HAL_Dcache_DumpCbusCnt = 0xdc01
                0x000000000000dbbd                HAL_Dcache_DumpMissHit = 0xdbbd
                0x000000000000d821                HAL_Dcache_Flush = 0xd821
                0x000000000000d899                HAL_Dcache_FlushAll = 0xd899
                0x000000000000dc29                HAL_Dcache_Init = 0xdc29
                0x000000000000d779                HAL_Dcache_IsBypass = 0xd779
                0x000000000000d7e1                HAL_Dcache_IsCacheable = 0xd7e1
                0x000000000000d7a9                HAL_Dcache_IsPSramCacheable = 0xd7a9
                0x000000000000dac5                HAL_Dcache_Release_WriteThroughIndex = 0xdac5
                0x000000000000da81                HAL_Dcache_Request_WriteThroughIndex = 0xda81
                0x000000000000e011                HAL_DMA_DeInit = 0xe011
                0x000000000000e235                HAL_DMA_GetByteCount = 0xe235
                0x000000000000e20d                HAL_DMA_IsBusy = 0xe20d
                0x000000000000df15                HAL_DMA_Release = 0xdf15
                0x000000000000de89                HAL_DMA_Request = 0xde89
                0x000000000000ded1                HAL_DMA_RequestSpecified = 0xded1
                0x000000000000e3e1                //HAL_EFUSE_Read = 0xe3e1
                0x000000000000e6b1                //HAL_EFUSE_UpdateAll = 0xe6b1
                0x000000000000e539                //HAL_EFUSE_Write = 0xe539
                0x000000000000fdf1                HAL_Flashc_CBUS_Dma_Enable = 0xfdf1
                0x000000000000f9e9                HAL_Flashc_ConfigCCMU = 0xf9e9
                0x0000000000010419                HAL_Flashc_Create = 0x10419
                0x00000000000104b5                HAL_Flashc_DecRef = 0x104b5
                0x0000000000010461                HAL_Flashc_Destory = 0x10461
                0x000000000000f9a1                HAL_Flashc_DisableCCMU = 0xf9a1
                0x0000000000010405                HAL_Flashc_DUMP_CbusCnt = 0x10405
                0x00000000000103f1                HAL_Flashc_DUMP_SbusCnt = 0x103f1
                0x000000000000f985                HAL_Flashc_EnableCCMU = 0xf985
                0x000000000000f305                HAL_Flash_Check = 0xf305
                0x00000000000104a9                HAL_Flashc_IncRef = 0x104a9
                0x000000000000fa75                HAL_Flashc_PinDeinit = 0xfa75
                0x000000000000fa61                HAL_Flashc_PinInit = 0xfa61
                0x000000000000f979                HAL_Flashc_RegisterCb = 0xf979
                0x000000000000f9d5                HAL_Flashc_ResetCCMU = 0xf9d5
                0x000000000000f871                HAL_Flashc_SetCacheLineLen = 0xf871
                0x000000000000f811                HAL_Flashc_SetDbgMask = 0xf811
                0x000000000000fbe5                HAL_Flashc_Xip_RawDisable = 0xfbe5
                0x000000000000fbb9                HAL_Flashc_Xip_RawEnable = 0xfbb9
                0x000000000000eda9                HAL_Flash_Deinit = 0xeda9
                0x000000000000eb91                __HAL_Flash_Init = 0xeb91
                0x000000000000ee69                HAL_Flash_Overwrite = 0xee69
                0x000000000000e8dd                HAL_Flash_SetDbgMask = 0xe8dd
                0x000000000000e8e9                HAL_Flash_WaitCompl = 0xe8e9
                0x00000000000109f9                HAL_GPIO_DeInit = 0x109f9
                0x0000000000010ca9                HAL_GPIO_DisableIRQ = 0x10ca9
                0x0000000000010bd9                HAL_GPIO_EnableIRQ = 0x10bd9
                0x0000000000010a61                HAL_GPIO_GetConfig = 0x10a61
                0x00000000000108e1                __HAL_GPIO_GlobalInit = 0x108e1
                0x0000000000010ea0                gGpioPortIrq = 0x10ea0
                0x0000000000010965                HAL_GPIO_Init = 0x10965
                0x0000000000010d39                HAL_GPIO_MaskIRQ = 0x10d39
                0x0000000000010df1                HAL_GPIO_PinMuxConfig = 0x10df1
                0x0000000000010e13                HAL_GPIO_PinMuxDeConfig = 0x10e13
                0x0000000000010ba5                HAL_GPIO_ReadPin = 0x10ba5
                0x0000000000010bc9                HAL_GPIO_ReadPort = 0x10bc9
                0x0000000000010b05                HAL_GPIO_SetDriving = 0x10b05
                0x0000000000010dd9                HAL_GPIO_SetIRQDebounce = 0x10dd9
                0x0000000000010da1                HAL_GPIO_SetIRQEvent = 0x10da1
                0x0000000000010aad                HAL_GPIO_SetMode = 0x10aad
                0x0000000000010b3d                HAL_GPIO_SetPull = 0x10b3d
                0x0000000000010d6d                HAL_GPIO_UnMaskIRQ = 0x10d6d
                0x0000000000010b75                HAL_GPIO_WritePin = 0x10b75
                0x0000000000010bb9                HAL_GPIO_WritePort = 0x10bb9
                0x00000000000114a1                HAL_I2C_DeInit = 0x114a1
                0x000000000001129d                HAL_I2C_Init = 0x1129d
                0x00000000000115f1                HAL_I2C_Master_Receive_IT = 0x115f1
                0x00000000000116dd                HAL_I2C_Master_Receive_Mem_IT = 0x116dd
                0x0000000000011581                HAL_I2C_Master_Transmit_IT = 0x11581
                0x0000000000011665                HAL_I2C_Master_Transmit_Mem_IT = 0x11665
                0x00000000000117c9                HAL_I2C_SCCB_Master_Receive_IT = 0x117c9
                0x0000000000011755                HAL_I2C_SCCB_Master_Transmit_IT = 0x11755
                0x0000000000011d51                HAL_KeyBoard_Close = 0x11d51
                0x0000000000011a91                HAL_KeyBoard_ConfigCCMU = 0x11a91
                0x0000000000011cbd                HAL_KeyBoard_Create = 0x11cbd
                0x0000000000011c55                HAL_KeyBoard_DeInit = 0x11c55
                0x0000000000011ced                HAL_KeyBoard_Destory = 0x11ced
                0x0000000000011b41                HAL_KeyBoard_Init = 0x11b41
                0x0000000000011d11                HAL_KeyBoard_Open = 0x11d11
                0x000000000001222d                HAL_LPUART_DeInit = 0x1222d
                0x00000000000121f5                HAL_LPUART_DisableRxCmpCallback = 0x121f5
                0x00000000000122f5                HAL_LPUART_EnableRxCmp = 0x122f5
                0x00000000000121bd                HAL_LPUART_EnableRxCmpCallback = 0x121bd
                0x00000000000120fd                HAL_LPUART_Init = 0x120fd
                0x0000000000012295                HAL_LPUART_Receive_IT = 0x12295
                0x0000000000012369                HAL_LPUART_SetBypassPmMode = 0x12369
                0x0000000000012755                HAL_NVIC_ClearPendingIRQ = 0x12755
                0x00000000000126e9                HAL_NVIC_DisableIRQ = 0x126e9
                0x00000000000126cd                HAL_NVIC_EnableIRQ = 0x126cd
                0x000000000001263d                HAL_NVIC_GetIRQHandler = 0x1263d
                0x00000000000126a9                HAL_NVIC_GetPriority = 0x126a9
                0x0000000000012671                HAL_NVIC_GetPriorityGrouping = 0x12671
                0x0000000000012791                HAL_NVIC_Init = 0x12791
                0x0000000000012731                HAL_NVIC_IsPendingIRQ = 0x12731
                0x000000000001262d                HAL_NVIC_SetIRQHandler = 0x1262d
                0x0000000000012711                HAL_NVIC_SetPendingIRQ = 0x12711
                0x0000000000012681                HAL_NVIC_SetPriority = 0x12681
                0x000000000001264d                HAL_NVIC_SetPriorityGrouping = 0x1264d
                0x0000000000012f81                HAL_PRCM_ClearWakeupTimerPending = 0x12f81
                0x00000000000131d1                HAL_PRCM_ClrResetSource = 0x131d1
                0x0000000000012c85                HAL_PRCM_DisableAudioCkadcAud = 0x12c85
                0x0000000000012ca5                HAL_PRCM_DisableAudioCkcldAud = 0x12ca5
                0x0000000000012e2d                HAL_PRCM_DisableBLE32MClk = 0x12e2d
                0x0000000000012e55                HAL_PRCM_DisableBLE48MClk = 0x12e55
                0x0000000000012b21                HAL_PRCM_DisableInter32KCalib = 0x12b21
                0x00000000000133d9                HAL_PRCM_DisableLpuart0Clk = 0x133d9
                0x0000000000013431                HAL_PRCM_DisableLpuart1Clk = 0x13431
                0x0000000000012bc9                HAL_PRCM_DisableSysPLL = 0x12bc9
                0x0000000000013305                HAL_PRCM_DisableWlanCPUClkOvrHIF = 0x13305
                0x000000000001337d                HAL_PRCM_DisableWlanIRQOvrHIF = 0x1337d
                0x0000000000013355                HAL_PRCM_DisableWlanWUPOvrHIF = 0x13355
                0x0000000000012c75                HAL_PRCM_EnableAudioCkadcAud = 0x12c75
                0x0000000000012c95                HAL_PRCM_EnableAudioCkcldAud = 0x12c95
                0x0000000000012e19                HAL_PRCM_EnableBLE32MClk = 0x12e19
                0x0000000000012e41                HAL_PRCM_EnableBLE48MClk = 0x12e41
                0x0000000000012c5d                HAL_PRCM_EnableCPUWClk = 0x12c5d
                0x0000000000012b11                HAL_PRCM_EnableInter32KCalib = 0x12b11
                0x00000000000131a9                HAL_PRCM_EnableLDOModeSWSelEnable = 0x131a9
                0x00000000000133c5                HAL_PRCM_EnableLpuart0Clk = 0x133c5
                0x000000000001341d                HAL_PRCM_EnableLpuart1Clk = 0x1341d
                0x000000000001323d                HAL_PRCM_EnableSysLDOLQModeEnable = 0x1323d
                0x0000000000013275                HAL_PRCM_EnableTOPLDODeepsleep = 0x13275
                0x0000000000013259                HAL_PRCM_EnableTOPLDOLQModeEnable = 0x13259
                0x0000000000013089                HAL_PRCM_EnableWakeupIOx = 0x13089
                0x0000000000013291                HAL_PRCM_EnableWlanCPUClk = 0x13291
                0x00000000000132f1                HAL_PRCM_EnableWlanCPUClkOvrHIF = 0x132f1
                0x0000000000013369                HAL_PRCM_EnableWlanIRQOvrHIF = 0x13369
                0x0000000000013341                HAL_PRCM_EnableWlanWUPOvrHIF = 0x13341
                0x0000000000012e05                HAL_PRCM_ForceBLEReset = 0x12e05
                0x0000000000012e7d                HAL_PRCM_ForceRFASReset = 0x12e7d
                0x0000000000012d0d                HAL_PRCM_ForceSys3Reset = 0x12d0d
                0x0000000000013531                HAL_PRCM_ForceWakeupSrcReset = 0x13531
                0x00000000000132c1                HAL_PRCM_ForceWlanCPUReset = 0x132c1
                0x0000000000012dc1                HAL_PRCM_GetBANDGAPSTABLE_TIME = 0x12dc1
                0x0000000000012b41                HAL_PRCM_GetBaseLFClock = 0x12b41
                0x0000000000012ec1                HAL_PRCM_GetCPUABootAddr = 0x12ec1
                0x0000000000012ed9                HAL_PRCM_GetCPUABootArg = 0x12ed9
                0x0000000000012ea5                HAL_PRCM_GetCPUABootFlag = 0x12ea5
                0x0000000000012c21                HAL_PRCM_GetCPUAClk = 0x12c21
                0x0000000000012ef5                HAL_PRCM_GetCPUAPrivateData = 0x12ef5
                0x0000000000012de1                //HAL_PRCM_GetDCDCSTABLE_TIME = 0x12de1
                0x0000000000012851                HAL_PRCM_GetDIGLDOOffSMPSOn = 0x12851
                0x0000000000012955                //HAL_PRCM_GetDIGLDOStatus = 0x12955
                0x0000000000012ad5                HAL_PRCM_GetHOSCType = 0x12ad5
                0x0000000000012afd                HAL_PRCM_GetInter32KFreq = 0x12afd
                0x0000000000013545                HAL_PRCM_GetLpuartMClock = 0x13545
                0x00000000000128c5                HAL_PRCM_GetOvrSMPSDetct = 0x128c5
                0x0000000000012f19                HAL_PRCM_GetPrivateTime = 0x12f19
                0x00000000000131c5                HAL_PRCM_GetResetSource = 0x131c5
                0x0000000000012915                HAL_PRCM_GetSMPSDetct = 0x12915
                0x00000000000128ed                HAL_PRCM_GetSMPSDetctValue = 0x128ed
                0x00000000000128a1                HAL_PRCM_GetSMPSPwmSel = 0x128a1
                0x000000000001282d                HAL_PRCM_GetSMPSVoltage = 0x1282d
                0x0000000000012d75                HAL_PRCM_GetSys1SleepPowerFlags = 0x12d75
                0x0000000000012d65                HAL_PRCM_GetSys1WakeupPowerFlags = 0x12d65
                0x000000000001293d                HAL_PRCM_GetSysPowerEnableFlags = 0x1293d
                0x0000000000012879                HAL_PRCM_GetSYSStandbySMPSOff = 0x12879
                0x00000000000127f1                HAL_PRCM_GetTOPLDOVoltage = 0x127f1
                0x0000000000012f29                HAL_PRCM_GetWakeupTimerEnable = 0x12f29
                0x0000000000012f71                HAL_PRCM_GetWakeupTimerPending = 0x12f71
                0x0000000000013489                HAL_PRCM_GPADC_DisableMClock = 0x13489
                0x0000000000013475                HAL_PRCM_GPADC_EnableMClock = 0x13475
                0x000000000001349d                HAL_PRCM_GPADC_GetMClock = 0x1349d
                0x0000000000013199                //HAL_PRCM_IsFlashSip = 0x13199
                0x0000000000012b31                HAL_PRCM_IsInter32KCalibEnabled = 0x12b31
                0x0000000000012d45                HAL_PRCM_IsSys3Alive = 0x12d45
                0x0000000000012d35                HAL_PRCM_IsSys3Release = 0x12d35
                0x0000000000012df1                HAL_PRCM_ReleaseBLEReset = 0x12df1
                0x0000000000012e69                HAL_PRCM_ReleaseRFASReset = 0x12e69
                0x0000000000012d21                HAL_PRCM_ReleaseSys3Reset = 0x12d21
                0x000000000001351d                HAL_PRCM_ReleaseWakeupSrcReset = 0x1351d
                0x0000000000013319                HAL_PRCM_ReleaseWlanCPUOvrHIF = 0x13319
                0x00000000000132ad                HAL_PRCM_ReleaseWlanCPUReset = 0x132ad
                0x000000000001332d                HAL_PRCM_ResetWlanCPUOvrHIF = 0x1332d
                0x00000000000129a5                HAL_PRCM_SelectEXTLDOVolt = 0x129a5
                0x00000000000134bd                HAL_PRCM_SelectGpadcClkSource = 0x134bd
                0x0000000000013405                HAL_PRCM_SelectLpuart0ClkSource = 0x13405
                0x00000000000133ed                HAL_PRCM_SelectLpuart0WakeupIOIn = 0x133ed
                0x000000000001345d                HAL_PRCM_SelectLpuart1ClkSource = 0x1345d
                0x0000000000013445                HAL_PRCM_SelectLpuart1WakeupIOIn = 0x13445
                0x0000000000012cb5                HAL_PRCM_SetAudioCkcldParam = 0x12cb5
                0x0000000000012da1                HAL_PRCM_SetBANDGAPSTABLE_TIME = 0x12da1
                0x00000000000133a9                HAL_PRCM_SetBLESramShare = 0x133a9
                0x00000000000135d5                HAL_PRCM_SetCLK32kAutoSw = 0x135d5
                0x0000000000013569                //HAL_PRCM_SetCLK32kDiv = 0x13569
                0x0000000000012eb5                HAL_PRCM_SetCPUABootAddr = 0x12eb5
                0x0000000000012ecd                HAL_PRCM_SetCPUABootArg = 0x12ecd
                0x0000000000012e91                HAL_PRCM_SetCPUABootFlag = 0x12e91
                0x0000000000012bd9                HAL_PRCM_SetCPUAClk = 0x12bd9
                0x0000000000012ee5                HAL_PRCM_SetCPUAPrivateData = 0x12ee5
                0x0000000000012dd1                //HAL_PRCM_SetDCDCSTABLE_TIME = 0x12dd1
                0x0000000000012ccd                HAL_PRCM_SetDevClock = 0x12ccd
                0x0000000000012861                HAL_PRCM_SetDIGLDOOffSMPSOnActive = 0x12861
                0x0000000000012965                //HAL_PRCM_SetDIGLDORETVolt = 0x12965
                0x000000000001298d                HAL_PRCM_SetDIGLDOVolt = 0x1298d
                0x0000000000012979                //HAL_PRCM_SetDIGLDOWorkVolt = 0x12979
                0x0000000000013225                HAL_PRCM_SetDigSWRefTime = 0x13225
                0x00000000000129b9                HAL_PRCM_SetEXTLDOMdoe = 0x129b9
                0x0000000000013551                HAL_PRCM_SetFlashCryptoNonce = 0x13551
                0x00000000000134d5                HAL_PRCM_SetGpadcClock = 0x134d5
                0x0000000000012ac1                HAL_PRCM_SetHOSCType = 0x12ac1
                0x0000000000012a29                HAL_PRCM_SetLFCLKBaseSource = 0x12a29
                0x0000000000012a4d                //HAL_PRCM_SetLFCLKSource = 0x12a4d
                0x00000000000128d5                HAL_PRCM_SetOvrSMPSDetctActive = 0x128d5
                0x00000000000129e5                HAL_PRCM_SetPadClkOut = 0x129e5
                0x0000000000012a11                HAL_PRCM_SetPadClkOutFactorM = 0x12a11
                0x00000000000129fd                HAL_PRCM_SetPadClkOutSource = 0x129fd
                0x00000000000129cd                HAL_PRCM_SetPLLLdoActive = 0x129cd
                0x0000000000012f09                HAL_PRCM_SetPrivateTime = 0x12f09
                0x00000000000135f1                HAL_PRCM_SetRcoCalib = 0x135f1
                0x0000000000012db1                //HAL_PRCM_SetRTCLDOVoltage = 0x12db1
                0x0000000000012925                HAL_PRCM_SetSMPSDetctActive = 0x12925
                0x00000000000128fd                HAL_PRCM_SetSMPSDetctValueActive = 0x128fd
                0x00000000000128b1                HAL_PRCM_SetSMPSPwmSelActive = 0x128b1
                0x000000000001283d                HAL_PRCM_SetSMPSVoltage = 0x1283d
                0x0000000000012d85                HAL_PRCM_SetSys1SleepPowerFlags = 0x12d85
                0x0000000000012d55                HAL_PRCM_SetSys1WakeupPowerFlags = 0x12d55
                0x0000000000012bb9                HAL_PRCM_SetSysPLL = 0x12bb9
                0x0000000000012889                HAL_PRCM_SetSYSStandbySMPSOffActive = 0x12889
                0x0000000000012815                HAL_PRCM_SetTOPLDOForceActive = 0x12815
                0x0000000000012801                HAL_PRCM_SetTOPLDOVoltage = 0x12801
                0x000000000001314d                HAL_PRCM_SetWakeupDebClk0 = 0x1314d
                0x0000000000013165                HAL_PRCM_SetWakeupDebClk1 = 0x13165
                0x000000000001317d                //HAL_PRCM_SetWakeupIOxDebounce = 0x1317d
                0x0000000000013111                HAL_PRCM_SetWakeupIOxDebSrc = 0x13111
                0x00000000000131e9                HAL_PRCM_SetWdgNoResetPeriph = 0x131e9
                0x0000000000013391                //HAL_PRCM_SetWlanSramShare = 0x13391
                0x0000000000013025                HAL_PRCM_WakeupIOClearEventDetected = 0x13025
                0x0000000000012fc9                HAL_PRCM_WakeupIODisable = 0x12fc9
                0x000000000001304d                HAL_PRCM_WakeupIODisableCfgHold = 0x1304d
                0x0000000000013075                HAL_PRCM_WakeupIODisableGlobal = 0x13075
                0x0000000000012fb5                HAL_PRCM_WakeupIOEnable = 0x12fb5
                0x0000000000013039                HAL_PRCM_WakeupIOEnableCfgHold = 0x13039
                0x0000000000013061                HAL_PRCM_WakeupIOEnableGlobal = 0x13061
                0x0000000000013005                HAL_PRCM_WakeupIOGetEventStatus = 0x13005
                0x0000000000013015                HAL_PRCM_WakeupIOIsEventDetected = 0x13015
                0x0000000000012ff1                HAL_PRCM_WakeupIOSetFallingEvent = 0x12ff1
                0x0000000000012fdd                HAL_PRCM_WakeupIOSetRisingEvent = 0x12fdd
                0x0000000000013509                HAL_PRCM_WAKEUP_SRC_DisableClkGating = 0x13509
                0x00000000000134f5                HAL_PRCM_WAKEUP_SRC_EnableClkGating = 0x134f5
                0x0000000000012f4d                HAL_PRCM_WakeupTimerDisable = 0x12f4d
                0x0000000000012f39                HAL_PRCM_WakeupTimerEnable = 0x12f39
                0x0000000000012fa5                HAL_PRCM_WakeupTimerGetCompareValue = 0x12fa5
                0x0000000000012f61                HAL_PRCM_WakeupTimerGetCurrentValue = 0x12f61
                0x0000000000012f95                HAL_PRCM_WakeupTimerSetCompareValue = 0x12f95
                0x00000000000132d5                HAL_PRCM_WakeUpWlan = 0x132d5
                0x0000000000013ded                HAL_PWM_CaptureResult = 0x13ded
                0x0000000000013a69                HAL_PWM_ChDeinit = 0x13a69
                0x0000000000013a01                HAL_PWM_ChInit = 0x13a01
                0x0000000000013cad                HAL_PWM_ChSetDutyRatio = 0x13cad
                0x0000000000013af1                HAL_PWM_ComplementaryDeInit = 0x13af1
                0x0000000000013a7d                HAL_PWM_ComplementaryInit = 0x13a7d
                0x0000000000013d39                HAL_PWM_ComplementarySetDutyRatio = 0x13d39
                0x0000000000013c7d                HAL_PWM_DisableIRQ = 0x13c7d
                0x0000000000013b15                HAL_PWM_EnableCh = 0x13b15
                0x0000000000013b8d                HAL_PWM_EnableComplementary = 0x13b8d
                0x0000000000013da9                HAL_PWM_EnableDeadZone = 0x13da9
                0x0000000000013bdd                HAL_PWM_EnableIRQ = 0x13bdd
                0x0000000000013985                HAL_PWM_GroupClkCfg = 0x13985
                0x0000000000013b6d                HAL_PWM_OutputPluse = 0x13b6d
                0x0000000000013d6d                HAL_PWM_SetDeadZoneTime = 0x13d6d
                0x0000000000014009                //HAL_RcoscCali_DeInit = 0x14009
                0x0000000000013fa1                //HAL_RcoscCali_Init = 0x13fa1
                0x000000000001444d                HAL_RTC_FreeRunCntToTime = 0x1444d
                0x000000000001447d                HAL_RTC_FreeRunTimeToCnt = 0x1447d
                0x0000000000014201                HAL_RTC_GetDDHHMMSS = 0x14201
                0x00000000000144a9                HAL_RTC_GetFreeRunCnt = 0x144a9
                0x00000000000144c1                HAL_RTC_GetFreeRunTime = 0x144c1
                0x00000000000141b9                HAL_RTC_GetYYMMDD = 0x141b9
                0x00000000000143ed                HAL_RTC_Init = 0x143ed
                0x0000000000014159                HAL_RTC_SetDDHHMMSS = 0x14159
                0x0000000000014249                HAL_RTC_SetLeapYear = 0x14249
                0x0000000000014101                HAL_RTC_SetYYMMDD = 0x14101
                0x0000000000014261                HAL_RTC_StartSecAlarm = 0x14261
                0x0000000000014309                HAL_RTC_StartWDayAlarm = 0x14309
                0x00000000000142cd                HAL_RTC_StopSecAlarm = 0x142cd
                0x00000000000143b5                HAL_RTC_StopWDayAlarm = 0x143b5
                0x00000000000145e9                HAL_SYSCTL_GetDegData = 0x145e9
                0x000000000001459d                HAL_SYSCTL_GetPsensorCnt = 0x1459d
                0x00000000000145a9                HAL_SYSCTL_SelectFlashPsramPinMap = 0x145a9
                0x00000000000145bd                HAL_SYSCTL_SetDbgData = 0x145bd
                0x0000000000014559                HAL_SYSCTL_SetMcuMode = 0x14559
                0x0000000000014571                HAL_SYSCTL_SetPsensorControl = 0x14571
                0x0000000000014611                HAL_SYSCTL_SetSipFlashTestMapMode = 0x14611
                0x0000000000014625                HAL_SYSCTL_SetSipPsramTestMapMode = 0x14625
                0x0000000000014585                HAL_SYSCTL_WaitPsensorRdyAndClean = 0x14585
                0x0000000000014835                HAL_TIMER_Continue = 0x14835
                0x00000000000147c9                HAL_TIMER_DeInit = 0x147c9
                0x00000000000146a1                HAL_TIMER_Init = 0x146a1
                0x0000000000014769                HAL_TIMER_Start = 0x14769
                0x0000000000014799                HAL_TIMER_Stop = 0x14799
                0x0000000000015605                HAL_UART_ClrPinmuxStatus = 0x15605
                0x00000000000156fd                HAL_UART_DeInit = 0x156fd
                0x0000000000014e41                HAL_UART_DeInitRxDMA = 0x14e41
                0x0000000000014de9                HAL_UART_DeInitTxDMA = 0x14de9
                0x0000000000014c11                HAL_UART_DisableRxCallback = 0x14c11
                0x0000000000015231                HAL_UART_DisableRxDMA = 0x15231
                0x000000000001522d                HAL_UART_DisableTxDMA = 0x1522d
                0x0000000000014bd9                HAL_UART_EnableRxCallback = 0x14bd9
                0x00000000000151bd                HAL_UART_EnableRxDMA = 0x151bd
                0x000000000001514d                HAL_UART_EnableTxDMA = 0x1514d
                0x0000000000014aa9                HAL_UART_GetInstance = 0x14aa9
                0x0000000000015621                HAL_UART_GetPinmuxStatus = 0x15621
                0x0000000000014acd                HAL_UART_GetRxData = 0x14acd
                0x00000000000158c1                HAL_UART_Init = 0x158c1
                0x0000000000014d15                HAL_UART_InitRxDMA = 0x14d15
                0x0000000000014c49                HAL_UART_InitTxDMA = 0x14c49
                0x0000000000014ac5                HAL_UART_IsRxReady = 0x14ac5
                0x0000000000014abd                HAL_UART_IsTxEmpty = 0x14abd
                0x0000000000014ab5                HAL_UART_IsTxReady = 0x14ab5
                0x0000000000014ad3                HAL_UART_PutTxData = 0x14ad3
                0x00000000000152d9                HAL_UART_Receive_DMA = 0x152d9
                0x0000000000014b51                HAL_UART_Receive_IT = 0x14b51
                0x00000000000153f9                HAL_UART_Receive_Poll = 0x153f9
                0x00000000000154a1                HAL_UART_SetBreakCmd = 0x154a1
                0x00000000000154e1                HAL_UART_SetBypassPmMode = 0x154e1
                0x000000000001550d                HAL_UART_SetConfig = 0x1550d
                0x00000000000155e9                HAL_UART_SetPinmuxStatus = 0x155e9
                0x00000000000155b9                HAL_UART_SetTxDelay = 0x155b9
                0x0000000000014fe1                HAL_UART_StartReceive_DMA = 0x14fe1
                0x0000000000014ea9                HAL_UART_StartTransmit_DMA = 0x14ea9
                0x00000000000150c1                HAL_UART_StopReceive_DMA = 0x150c1
                0x0000000000014f69                HAL_UART_StopTransmit_DMA = 0x14f69
                0x0000000000015235                HAL_UART_Transmit_DMA = 0x15235
                0x0000000000014ad9                HAL_UART_Transmit_IT = 0x14ad9
                0x0000000000015385                HAL_UART_Transmit_PollRaw = 0x15385
                0x0000000000016011                HAL_Wakeup_CheckIOMode = 0x16011
                0x0000000000015d15                HAL_Wakeup_ClrIO = 0x15d15
                0x0000000000015e75                HAL_Wakeup_ClrSrc = 0x15e75
                0x0000000000015c69                HAL_Wakeup_ClrTimer = 0x15c69
                0x00000000000160a9                HAL_Wakeup_DeInit = 0x160a9
                0x000000000001605d                HAL_Wakeup_GetEvent = 0x1605d
                0x0000000000016075                HAL_Wakeup_Init = 0x16075
                0x0000000000015f95                HAL_Wakeup_ReadIO = 0x15f95
                0x0000000000016059                HAL_Wakeup_ReadTimerPending = 0x16059
                0x0000000000015b89                HAL_Wakeup_SetDebugMask = 0x15b89
                0x0000000000016069                HAL_Wakeup_SetEvent = 0x16069
                0x0000000000015c89                HAL_Wakeup_SetIO = 0x15c89
                0x0000000000015d61                //HAL_Wakeup_SetIOHold = 0x15d61
                0x0000000000200864                wakeup_time = 0x200864
                0x0000000000015d79                HAL_Wakeup_SetSrc = 0x15d79
                0x0000000000015c49                HAL_Wakeup_SetTimer = 0x15c49
                0x0000000000016315                HAL_WDG_DeInit = 0x16315
                0x0000000000016275                HAL_WDG_Feed = 0x16275
                0x000000000001623d                HAL_WDG_Init = 0x1623d
                0x0000000000016335                __HAL_WDG_Reboot = 0x16335
                0x0000000000016355                __HAL_WDG_ResetCpu = 0x16355
                0x0000000000016285                HAL_WDG_Start = 0x16285
                0x00000000000162b9                HAL_WDG_Stop = 0x162b9
                0x0000000000016531                HAL_Xip_Deinit = 0x16531
                0x0000000000016441                HAL_Xip_Init = 0x16441
                0x0000000000016439                HAL_Xip_setAddr = 0x16439
                0x00000000000163d9                HAL_Xip_setCmd = 0x163d9
                0x0000000000016429                HAL_Xip_setContinue = 0x16429
                0x00000000000163cd                HAL_Xip_SetDbgMask = 0x163cd
                0x0000000000016435                HAL_Xip_setDelay = 0x16435
                0x000000000001c2b9                hex2bin = 0x1c2b9
                0x000000000001c711                hex_asc = 0x1c711
                0x0000000000024cbd                __hexdig_fun = 0x24cbd
                0x000000000001c2f9                hex_dump_to_buffer = 0x1c2f9
                0x0000000000025179                __hexnan = 0x25179
                0x000000000001c289                hex_to_bin = 0x1c289
                0x0000000000025451                __hi0bits = 0x25451
                0x000000000001a3b9                hmac_sha1 = 0x1a3b9
                0x000000000001a2dd                hmac_sha1_vector = 0x1a2dd
                0x000000000001b5af                hmac_sha256 = 0x1b5af
                0x000000000001b9fd                hmac_sha256_kdf = 0x1b9fd
                0x000000000001b4d3                hmac_sha256_vector = 0x1b4d3
                0x00000000000254f1                __i2b = 0x254f1
                0x0000000000011265                I2C0_IRQHandler = 0x11265
                0x0000000000011281                I2C1_IRQHandler = 0x11281
                0x0000000000019345                image_check_data = 0x19345
                0x00000000000191ed                image_check_header = 0x191ed
                0x000000000001958f                image_check_ota_sections = 0x1958f
                0x0000000000019421                image_check_section = 0x19421
                0x00000000000194b9                _image_check_sections = 0x194b9
                0x0000000000019589                image_check_sections = 0x19589
                0x0000000000018c6d                image_deinit = 0x18c6d
                0x000000000001966d                image_get_cfg = 0x1966d
                0x00000000000191b1                image_get_checksum = 0x191b1
                0x0000000000018c85                image_get_ota_param = 0x18c85
                0x0000000000018cb5                image_get_running_seq = 0x18cb5
                0x0000000000019041                image_get_section_addr = 0x19041
                0x0000000000019595                image_get_size = 0x19595
                0x00000000000197c9                image_init = 0x197c9
                0x0000000000019085                image_rw = 0x19085
                0x00000000000199b1                image_set_cfg = 0x199b1
                0x0000000000019b31                image_set_dbg_mask = 0x19b31
                0x0000000000018c8d                image_set_running_seq = 0x18c8d
                0x000000000000e951                insToFcIns = 0xe951
                0x0000000000011a21                KeyBoard_IRQHandler = 0x11a21
                0x00000000000216f9                labs = 0x216f9
                0x0000000000026bc9                __ledf2 = 0x26bc9
                0x0000000000025491                __lo0bits = 0x25491
                0x0000000000025299                _localeconv_r = 0x25299
                0x0000000000011eb5                LPUART0_IRQHandler = 0x11eb5
                0x0000000000011ec9                LPUART1_IRQHandler = 0x11ec9
                0x0000000000011fa5                LPUART_SetBaudrate = 0x11fa5
                0x00000000000256bd                __lshift = 0x256bd
                0x0000000000026bc9                __ltdf2 = 0x26bc9
                0x0000000000021701                //malloc = 0x21701
                0x0000000000025151                __match = 0x25151
                0x0000000000025763                __mcmp = 0x25763
                0x0000000000025797                __mdiff = 0x25797
                0x0000000000021721                memchr = 0x21721
                0x000000000002173d                memcmp = 0x2173d
                0x0000000000021759                memcpy = 0x21759
                0x0000000000021773                memmove = 0x21773
                0x00000000000217a7                memset = 0x217a7
                0x00000000000279e0                __mprec_bigtens = 0x279e1
                0x0000000000027a08                __mprec_tens = 0x27a09
                0x000000000002679d                __muldf3 = 0x2679d
                0x000000000002535b                __multadd = 0x2535b
                0x0000000000025503                __multiply = 0x25503
                0x000000000002632d                nan = 0x2632d
                0x00000000000216a1                nanf = 0x216a1
                0x0000000000026bd1                __nedf2 = 0x26bd1
                0x000000000001278f                nvic_print_regs = 0x1278f
                0x000000000000abdd                parse_dpm_list = 0xabdd
                0x000000000001b359                pbkdf2_sha1 = 0x1b359
                0x000000000000b55d                pm_get_resume_latency = 0xb55d
                0x000000000000b551                pm_get_suspend_latency = 0xb551
                0x000000000000b569                pm_get_suspend_resume_latency = 0xb569
                0x000000000000aa49                pm_mode_platform_select = 0xaa49
                0x000000000000b2e1                pm_register_ops = 0xb2e1
                0x000000000000aa81                pm_register_wlan_power_onoff = 0xaa81
                0x000000000000b589                pm_select_mode = 0xb589
                0x000000000000ac49                pm_set_debug_delay_ms = 0xac49
                0x000000000000aa3d                pm_set_debug_mask = 0xaa3d
                0x000000000000aad9                pm_set_dump_addr = 0xaad9
                0x000000000000b57d                pm_set_resume_entry = 0xb57d
                0x000000000000b535                pm_set_suspend_resume_latency = 0xb535
                0x000000000000abd1                pm_set_test_level = 0xabd1
                0x000000000000be59                pm_wakelocks_show = 0xbe59
                0x000000000000b7e4                pm_states = 0xb7e5
                0x000000000000b595                pm_stats_show = 0xb595
                0x000000000000b449                pm_unregister_ops = 0xb449
                0x000000000000aacd                pm_unregister_wlan_power_onoff = 0xaacd
                0x000000000000be3d                //pm_wait_wakelocks = 0xbe3d
                0x000000000000bbcd                __pm_wake_lock = 0xbbcd
                0x000000000000bef9                pm_wakelocks_deinit = 0xbef9
                0x000000000000bbc1                pm_wakelocks_get_suspend_timeout = 0xbbc1
                0x000000000000bebd                //pm_wakelocks_init = 0xbebd
                0x000000000000bb95                pm_wakelocks_set_suspend_timeout = 0xbb95
                0x000000000000bd79                //pm_wake_unlock = 0xbd79
                0x000000000000ab09                pm_wlan_alive_platform_select = 0xab09
                0x0000000000025621                __pow5mult = 0x25621
                0x0000000000021d55                _printf_common = 0x21d55
                0x00000000000218f9                _printf_float = 0x218f9
                0x0000000000021e45                _printf_i = 0x21e45
                0x000000000001c4bd                print_hex_dump = 0x1c4bd
                0x000000000001c561                print_hex_dump_bytes = 0x1c561
                0x000000000001c5ad                print_hex_dump_words = 0x1c5ad
                0x0000000000013701                PWM_ECT_IRQHandler = 0x13701
                0x00000000000224a3                qsort = 0x224a3
                0x0000000000022781                rand = 0x22781
                0x00000000000259d9                __ratio = 0x259d9
                0x00000000000227e9                realloc = 0x227e9
                0x0000000000016e5f                defaultControl = 0x16e5f
                0x0000000000017d75                fdcm_open = 0x17d75
                0x0000000000017de1                fdcm_read = 0x17de1
                0x0000000000017f2d                fdcm_write = 0x17f2d
                0x000000000000ea5d                flashcDriverCreate = 0xea5d
                0x000000000001851d                flash_erase = 0x1851d
                0x00000000000184a1                flash_get_erase_block = 0x184a1
                0x00000000000183f5                flash_rw = 0x183f5
                0x000000000000a819                rom_get_build_time = 0xa819
                0x000000000000a801                rom_get_version = 0xa801
                0x000000000000d671                HAL_CCM_BusGetAPBSClock = 0xd671
                0x000000000000df45                HAL_DMA_Init = 0xdf45
                0x000000000000e079                HAL_DMA_Start = 0xe079
                0x000000000000e185                HAL_DMA_Stop = 0xe185
                0x000000000000ff09                HAL_Flashc_Close = 0xff09
                0x000000000000fd4d                HAL_Flashc_Deinit = 0xfd4d
                0x000000000000fc11                HAL_Flashc_Delay = 0xfc11
                0x000000000000fc45                __HAL_Flashc_Init = 0xfc45
                0x000000000000fd75                HAL_Flashc_Ioctl = 0xfd75
                0x000000000000ee41                HAL_Flash_Close = 0xee41
                0x000000000000fe41                //HAL_Flashc_Open = 0xfe41
                0x000000000000ffa1                HAL_Flashc_Transfer = 0xffa1
                0x000000000000fb89                HAL_Flashc_Xip_Deinit = 0xfb89
                0x000000000000fa8d                HAL_Flashc_Xip_Init = 0xfa8d
                0x000000000000f1d9                HAL_Flash_Erase = 0xf1d9
                0x000000000000f2e1                HAL_Flash_MemoryOf = 0xf2e1
                0x000000000000ee15                HAL_Flash_Open = 0xee15
                0x000000000000f0e9                HAL_Flash_Read = 0xf0e9
                0x000000000000ef45                HAL_Flash_Write = 0xef45
                0x0000000000012775                HAL_NVIC_ConfigExtIRQ = 0x12775
                0x0000000000012ce5                HAL_PRCM_GetDevClock = 0x12ce5
                0x0000000000012ae5                //HAL_PRCM_GetHFClock = 0x12ae5
                0x0000000000012b6d                HAL_PRCM_GetLFClock = 0x12b6d
                0x0000000000019171                image_checksum16 = 0x19171
                0x000000000000a839                rom_init = 0xa839
                0x000000000000a800                __rom_start_text = 0xa801
                0x0000000000015d2d                WakeIo_To_Gpio = 0x15d2d
                0x0000000000014071                RTC_SecAlarm_IRQHandler = 0x14071
                0x00000000000140dd                RTC_WDayAlarm_IRQHandler = 0x140dd
                0x00000000000253d5                __s2b = 0x253d5
                0x0000000000026099                _scanf_chars = 0x26099
                0x000000000002206d                _scanf_float = 0x2206d
                0x0000000000026149                _scanf_i = 0x26149
                0x0000000000026339                __sccl = 0x26339
                0x00000000000228f5                __seofread = 0x228f5
                0x0000000000027b18                __sf_fake_stderr = 0x27b19
                0x0000000000027b38                __sf_fake_stdin = 0x27b39
                0x0000000000027b58                __sf_fake_stdout = 0x27b59
                0x000000000001b279                SHA1Final = 0x1b279
                0x000000000001b1d5                SHA1Init = 0x1b1d5
                0x000000000001b433                sha1_prf = 0x1b433
                0x000000000001a3d5                SHA1Transform = 0x1a3d5
                0x000000000001b209                SHA1Update = 0x1b209
                0x000000000001b319                sha1_vector = 0x1b319
                0x000000000001b7db                sha256_done = 0x1b7db
                0x000000000001b6ed                sha256_init = 0x1b6ed
                0x000000000001bb7d                sha256_prf = 0x1bb7d
                0x000000000001babd                sha256_prf_bits = 0x1babd
                0x000000000001b745                sha256_process = 0x1b745
                0x000000000001b8b3                sha256_vector = 0x1b8b3
                0x0000000000022861                siprintf = 0x22861
                0x00000000000228a1                siscanf = 0x228a1
                0x00000000000227f9                sniprintf = 0x227f9
                0x00000000000227f9                snprintf = 0x227f9
                0x0000000000022861                sprintf = 0x22861
                0x0000000000022739                srand = 0x22739
                0x00000000000228a1                sscanf = 0x228a1
                0x0000000000025aab                __ssputs_r = 0x25aab
                0x0000000000025dcb                __ssrefill_r = 0x25dcb
                0x0000000000025e05                __ssvfiscanf_r = 0x25e05
                0x0000000000025e05                __ssvfscanf_r = 0x25e05
                0x00000000000228f9                strcasecmp = 0x228f9
                0x0000000000022931                strcat = 0x22931
                0x0000000000022951                strchr = 0x22951
                0x000000000002296b                strcmp = 0x2296b
                0x000000000002297f                strcpy = 0x2297f
                0x000000000002298f                strcspn = 0x2298f
                0x00000000000229b1                strdup = 0x229b1
                0x00000000000229c1                _strdup_r = 0x229c1
                0x0000000000022db5                strerror = 0x22db5
                0x00000000000229e9                _strerror_r = 0x229e9
                0x0000000000022dc9                strlcpy = 0x22dc9
                0x0000000000022df3                strlen = 0x22df3
                0x0000000000022e05                strncasecmp = 0x22e05
                0x0000000000022e49                strncmp = 0x22e49
                0x0000000000022e6d                strncpy = 0x22e6d
                0x0000000000022e93                strrchr = 0x22e93
                0x0000000000022ebb                strspn = 0x22ebb
                0x0000000000022edb                strstr = 0x22edb
                0x0000000000023b1d                strtod = 0x23b1d
                0x0000000000022f51                _strtod_l = 0x22f51
                0x0000000000023b11                _strtod_r = 0x23b11
                0x0000000000023b35                strtok = 0x23b35
                0x0000000000023b89                __strtok_r = 0x23b89
                0x0000000000023cd1                strtol = 0x23cd1
                0x0000000000023e3d                strtoll = 0x23e3d
                0x0000000000023ccd                _strtol_r = 0x23ccd
                0x0000000000023f3d                strtoul = 0x23f3d
                0x0000000000023f39                _strtoul_r = 0x23f39
                0x000000000002642d                __subdf3 = 0x2642d
                0x000000000002639b                __submore = 0x2639b
                0x0000000000025d51                _sungetc_r = 0x25d51
                0x000000000000aff9                suspend_devices_and_enter = 0xaff9
                0x000000000000aba5                suspend_test = 0xaba5
                0x000000000000ab65                suspend_test_finish = 0xab65
                0x000000000000ab49                suspend_test_start = 0xab49
                0x0000000000025b61                _svfiprintf_r = 0x25b61
                0x0000000000025b61                _svfprintf_r = 0x25b61
                0x000000000001bb8d                thumb2_checksum = 0x1bb8d
                0x0000000000014695                TIMER0_IRQHandler = 0x14695
                0x000000000001469b                TIMER1_IRQHandler = 0x1469b
                0x0000000000026d8d                __truncdfsf2 = 0x26d8d
                0x0000000000018e29                tzboot_image_get_addr = 0x18e29
                0x00000000000149e9                UART0_IRQHandler = 0x149e9
                0x00000000000149fd                UART1_IRQHandler = 0x149fd
                0x0000000000014a11                UART2_IRQHandler = 0x14a11
                0x0000000000026ec9                __udivmoddi4 = 0x26ec9
                0x0000000000025859                __ulp = 0x25859
                0x0000000000026cd1                __unorddf2 = 0x26cd1
                0x0000000000023f51                _user_strerror = 0x23f51
                0x0000000000023fad                vsniprintf = 0x23fad
                0x0000000000023f55                _vsniprintf_r = 0x23f55
                0x0000000000023fad                vsnprintf = 0x23fad
                0x0000000000023f55                _vsnprintf_r = 0x23f55
                0x0000000000015b95                Wakeup_ClrIO = 0x15b95
                0x0000000000015bc7                Wakeup_ClrTimer = 0x15bc7
                0x0000000000015bb7                Wakeup_DisTimer = 0x15bb7
                0x0000000000015c15                Wakeup_SetTimer = 0x15c15
                0x0000000000015bdd                Wakeup_Source_Handler = 0x15bdd
                0x0000000000016219                WDG_IRQHandler = 0x16219
                0x0000000000020e0d                __wrap_memcpy = 0x20e0d
                0x0000000000020cd9                __wrap_memcpy2 = 0x20cd9
                0x0000000000020ef9                __wrap_memmove = 0x20ef9
                0x0000000000021089                __wrap_memset = 0x21089
                0x0000000000017749                XM25QHXXA_ReadStatus = 0x17749
                0x000000000001efa5                xz_crc32 = 0x1efa5
                0x000000000001efa1                xz_crc32_init = 0x1efa1
                0x000000000001f5b7                xz_dec_bcj_create = 0x1f5b7
                0x000000000001f5c7                xz_dec_bcj_reset = 0x1f5c7
                0x000000000001f48d                xz_dec_bcj_run = 0x1f48d
                0x0000000000020af3                xz_dec_end = 0x20af3
                0x0000000000020aa5                xz_dec_init = 0x20aa5
                0x0000000000020235                xz_dec_lzma2_create = 0x20235
                0x00000000000202d9                xz_dec_lzma2_end = 0x202d9
                0x0000000000020275                xz_dec_lzma2_reset = 0x20275
                0x000000000001fdad                xz_dec_lzma2_run = 0x1fdad
                0x00000000000203f1                xz_dec_reset = 0x203f1
                0x0000000000020425                xz_dec_run = 0x20425
                0x00000000000279c8                _C_numeric_locale = 0x279c8
                0x000000000001c610                _ctype = 0x1c610
                0x00000000000278b8                _ctype_ = 0x278b8
                0x00000000002001b0                DefaultFlashChip = 0x2001b0
                0x00000000002001c0                EN25QH64A_FlashChip = 0x2001c0
                0x00000000000279e0                __mprec_bigtens = 0x279e0
                0x0000000000027a08                __mprec_tens = 0x27a08
                0x000000000020002c                nvic_int_mask = 0x20002c
                0x000000000020008c                flash_drv = 0x20008c
                0x00000000002001d0                P25Q16H_FlashChip = 0x2001d0
                0x00000000002001e0                P25Q32H_FlashChip = 0x2001e0
                0x00000000002001f0                P25Q40H_FlashChip = 0x2001f0
                0x0000000000200200                P25Q64H_FlashChip = 0x200200
                0x0000000000200210                P25Q80H_FlashChip = 0x200210
                0x000000000020060c                _flashc_caback = 0x20060c
                0x0000000000200444                pm_debug_dump_addr = 0x200444
                0x0000000000200024                pm_mode_platform_config = 0x200024
                0x000000000000b7e4                pm_states = 0xb7e4
                0x0000000000200028                pm_wlan_mode_platform_config = 0x200028
                0x0000000000200460                pm_wlan_power_onoff_cb = 0x200460
                0x0000000000200854                wakeup_event = 0x200854
                0x0000000000200038                wakelocks_list = 0x200038
                0x00000000002004bc                wakelocks_wait = 0x2004bc
                0x0000000000200038                wakelocks_list = 0x200038
                0x00000000002004b0                _wl_timer = 0x2004b0
                0x00000000002004b4                _wl_timer_arg = 0x2004b4
                0x00000000002004b8                _wl_timer_expires = 0x2004b8
                0x0000000000200c00                ram_table = 0x200c00
                0x000000000000a800                __rom_start_text = 0xa800
                0x0000000000027b18                __sf_fake_stderr = 0x27b18
                0x0000000000027b38                __sf_fake_stdin = 0x27b38
                0x0000000000027b58                __sf_fake_stdout = 0x27b58
                0x0000000000200464                suspend_ops = 0x200464
                0x0000000000200220                XM25QH64A_FlashChip = 0x200220
                0x0000000000200230                XT25F16B_FlashChip = 0x200230
                0x0000000000200240                XT25F32B_FlashChip = 0x200240
                0x0000000000200250                XT25F64B_FlashChip = 0x200250
                0x0000000000007853                double_jacobian_default = 0x7853
                0x0000000000008ecd                tc_sha256_final = 0x8ecd
                0x0000000000008e1d                tc_sha256_init = 0x8e1d
                0x0000000000008e75                tc_sha256_update = 0x8e75
                0x0000000000005839                tz_rom_init = 0x5839
                0x000000000000865d                uECC_verify = 0x865d
                0x00000000000074a5                vli_mmod_fast_secp256r1 = 0x74a5
                0x00000000000079a5                x_side_default = 0x79a5
                0x0000000000230000                __RAM_BASE = ORIGIN (RAM)
                0x0000000001400000                __PSRAM_BASE = ORIGIN (PSRAM)
                0x0000000000000400                __MSP_STACK_LENGTH = 0x400

.text           0x0000000000230000     0x5d14
                0x0000000000230000                . = ALIGN (0x4)
                0x0000000000230000                __text_start__ = .
                0x0000000000230000                __VECTOR_BASE = .
 *(.isr_vector)
 .isr_vector    0x0000000000230000      0x100 ../../../project/common/startup/gcc/startup.o
                0x0000000000230000                g_pfnVectors
 *(.text.Reset_Handler)
 .text.Reset_Handler
                0x0000000000230100       0x40 ../../../project/common/startup/gcc/startup.o
                0x0000000000230100                Reset_Handler
 *(.cpu_text)
 .cpu_text      0x0000000000230140        0x2 ../../../project/common/startup/gcc/startup.o
                0x0000000000230140                Default_Handler
 *(.text*)
 *fill*         0x0000000000230142        0x2 
 .text          0x0000000000230144       0x40 /home/PDC-XRseries/tools/gcc-arm-none-eabi-10-2020-q4-major/bin/../lib/gcc/arm-none-eabi/10.2.1/thumb/v8-m.main+fp/softfp/crtbegin.o
 .text          0x0000000000230184       0x7c /home/PDC-XRseries/tools/gcc-arm-none-eabi-10-2020-q4-major/bin/../lib/gcc/arm-none-eabi/10.2.1/../../../../arm-none-eabi/lib/thumb/v8-m.main+fp/softfp/crt0.o
                0x0000000000230184                _stack_init
                0x000000000023018c                _mainCRTStartup
                0x000000000023018c                _start
 .text.startup.main
                0x0000000000230200      0x658 ../main.o
                0x0000000000230200                main
 .text.hardware_init_hook
                0x0000000000230858       0x1c ../../../project/common/startup/gcc/retarget.o
                0x0000000000230858                hardware_init_hook
 .text.__wrap_main
                0x0000000000230874       0x28 ../../../project/common/startup/gcc/retarget.o
                0x0000000000230874                __wrap_main
 .text._sbrk    0x000000000023089c       0x2c ../../../project/common/startup/gcc/retarget.o
                0x000000000023089c                _sbrk
 .text.__wrap_exit
                0x00000000002308c8       0x10 ../../../project/common/startup/gcc/retarget.o
                0x00000000002308c8                __wrap_exit
 .text.main_task
                0x00000000002308d8       0x14 ../../../project/common/startup/gcc/retarget_main.o
 .text.main_task_start
                0x00000000002308ec       0x50 ../../../project/common/startup/gcc/retarget_main.o
                0x00000000002308ec                main_task_start
 .text.stdout_write
                0x000000000023093c       0x34 ../../../project/common/startup/gcc/retarget_stdout.o
 .text.stdout_init
                0x0000000000230970       0x30 ../../../project/common/startup/gcc/retarget_stdout.o
                0x0000000000230970                stdout_init
 .text.board_pinmux_cfg
                0x00000000002309a0       0x22 ../../../project/common/board/board_common.o
                0x00000000002309a0                board_pinmux_cfg
 *fill*         0x00000000002309c2        0x2 
 .text.board_chip_clock_init
                0x00000000002309c4       0x40 ../../../project/common/board/board_common.o
                0x00000000002309c4                board_chip_clock_init
 .text.board_get_flashc_sip_pinmux_cfg
                0x0000000000230a04       0x24 ../../../project/common/board/board_common.o
                0x0000000000230a04                board_get_flashc_sip_pinmux_cfg
 .text.board_ioctl
                0x0000000000230a28       0xfc ../../../project/common/board/xradio_bl/board_config.o
                0x0000000000230a28                board_ioctl
 .text.flash_crypto_enable
                0x0000000000230b24       0x50 ../../../lib/libchip.a(flash_crypto.o)
                0x0000000000230b24                flash_crypto_enable
 .text.FlashChipGetChipList
                0x0000000000230b74        0xc ../../../lib/libchip.a(flash_chip.o)
                0x0000000000230b74                FlashChipGetChipList
 .text.FlashChipGetCfgList
                0x0000000000230b80        0xc ../../../lib/libchip.a(flash_chip_cfg.o)
                0x0000000000230b80                FlashChipGetCfgList
 .text.HAL_DMA_FlashSbus_Iscoexist
                0x0000000000230b8c        0x4 ../../../lib/libchip.a(hal_dma.o)
                0x0000000000230b8c                HAL_DMA_FlashSbus_Iscoexist
 .text.HAL_Flash_Init
                0x0000000000230b90       0x7c ../../../lib/libchip.a(hal_flash.o)
                0x0000000000230b90                HAL_Flash_Init
 .text.FC_GetDelayCycle
                0x0000000000230c0c       0x2c ../../../lib/libchip.a(hal_flashctrl.o)
                0x0000000000230c0c                FC_GetDelayCycle
 .text.FC_GetXipUserEndAddr
                0x0000000000230c38        0x6 ../../../lib/libchip.a(hal_flashctrl.o)
                0x0000000000230c38                FC_GetXipUserEndAddr
 *fill*         0x0000000000230c3e        0x2 
 .text.FlashCBUS_AddrRequire
                0x0000000000230c40       0x68 ../../../lib/libchip.a(hal_flashctrl.o)
                0x0000000000230c40                FlashCBUS_AddrRequire
 .text.FlashCryptoRequest
                0x0000000000230ca8        0x4 ../../../lib/libchip.a(hal_flashctrl.o)
                0x0000000000230ca8                FlashCryptoRequest
 .text.HAL_Flashc_Init
                0x0000000000230cac        0x4 ../../../lib/libchip.a(hal_flashctrl.o)
                0x0000000000230cac                HAL_Flashc_Init
 .text.HAL_Flashc_Open
                0x0000000000230cb0       0x70 ../../../lib/libchip.a(hal_flashctrl.o)
                0x0000000000230cb0                HAL_Flashc_Open
 .text.HAL_GlobalInit
                0x0000000000230d20       0x1c ../../../lib/libchip.a(hal_global.o)
                0x0000000000230d20                HAL_GlobalInit
 .text.HAL_GlobalGetConnectMode
                0x0000000000230d3c       0x10 ../../../lib/libchip.a(hal_global.o)
                0x0000000000230d3c                HAL_GlobalGetConnectMode
 .text.HAL_GPIO_GlobalInit
                0x0000000000230d4c       0x38 ../../../lib/libchip.a(hal_gpio.o)
                0x0000000000230d4c                HAL_GPIO_GlobalInit
 .text.HAL_PRCM_SetRTCLDOVoltage
                0x0000000000230d84       0x18 ../../../lib/libchip.a(hal_prcm.o)
                0x0000000000230d84                HAL_PRCM_SetRTCLDOVoltage
 .text.HAL_PRCM_SetLDOTOPWMSTABLE_TIME
                0x0000000000230d9c       0x1c ../../../lib/libchip.a(hal_prcm.o)
                0x0000000000230d9c                HAL_PRCM_SetLDOTOPWMSTABLE_TIME
 .text.HAL_PRCM_SetDCDCSTABLE_TIME
                0x0000000000230db8       0x1c ../../../lib/libchip.a(hal_prcm.o)
                0x0000000000230db8                HAL_PRCM_SetDCDCSTABLE_TIME
 .text.HAL_PRCM_SetRFIPLDODIGSTABLE_TIME
                0x0000000000230dd4       0x18 ../../../lib/libchip.a(hal_prcm.o)
                0x0000000000230dd4                HAL_PRCM_SetRFIPLDODIGSTABLE_TIME
 .text.HAL_PRCM_SetLDOSTABLE_TIME
                0x0000000000230dec       0x18 ../../../lib/libchip.a(hal_prcm.o)
                0x0000000000230dec                HAL_PRCM_SetLDOSTABLE_TIME
 .text.HAL_PRCM_SetDCXOSTABLE_TIME
                0x0000000000230e04       0x10 ../../../lib/libchip.a(hal_prcm.o)
                0x0000000000230e04                HAL_PRCM_SetDCXOSTABLE_TIME
 .text.HAL_PRCM_SetDPLLSTABLE_TIME
                0x0000000000230e14       0x10 ../../../lib/libchip.a(hal_prcm.o)
                0x0000000000230e14                HAL_PRCM_SetDPLLSTABLE_TIME
 .text.HAL_PRCM_IsFlashSip
                0x0000000000230e24       0x20 ../../../lib/libchip.a(hal_prcm.o)
                0x0000000000230e24                HAL_PRCM_IsFlashSip
 .text.HAL_PRCM_SetFlashExt
                0x0000000000230e44        0xc ../../../lib/libchip.a(hal_prcm.o)
                0x0000000000230e44                HAL_PRCM_SetFlashExt
 .text.HAL_PRCM_GetHFClock
                0x0000000000230e50       0x18 ../../../lib/libchip.a(hal_prcm.o)
                0x0000000000230e50                HAL_PRCM_GetHFClock
 .text.HAL_UDelay
                0x0000000000230e68       0x2c ../../../lib/libchip.a(hal_util.o)
                0x0000000000230e68                HAL_UDelay
 .text.HAL_WDG_Reboot
                0x0000000000230e94       0x28 ../../../lib/libchip.a(hal_wdg.o)
                0x0000000000230e94                HAL_WDG_Reboot
 .text.SystemInit
                0x0000000000230ebc       0x98 ../../../lib/libchip.a(system_chip.o)
                0x0000000000230ebc                SystemInit
 .text.SystemDeInit
                0x0000000000230f54       0x60 ../../../lib/libchip.a(system_chip.o)
                0x0000000000230f54                SystemDeInit
 .text.SystemCoreClockUpdate
                0x0000000000230fb4       0x10 ../../../lib/libchip.a(system_chip.o)
                0x0000000000230fb4                SystemCoreClockUpdate
 .text.ram_OS_SemaphoreIsValid
                0x0000000000230fc4        0xa ../../../lib/librom.a(rom_core.o)
 .text.ram_OS_SemaphoreSetInvalid
                0x0000000000230fce        0x6 ../../../lib/librom.a(rom_core.o)
 .text.ram_table_adjust
                0x0000000000230fd4       0x30 ../../../lib/librom.a(rom_core.o)
                0x0000000000230fd4                ram_table_adjust
 .text.image_get_addr
                0x0000000000231004        0x4 ../../../lib/libimage.a(image.o)
                0x0000000000231004                image_get_addr
 .text.image_get_bl_size
                0x0000000000231008        0x4 ../../../lib/libimage.a(image.o)
                0x0000000000231008                image_get_bl_size
 .text.__wrap__malloc_r
                0x000000000023100c       0x1c ../../../lib/libxrc.a(wrap_malloc.o)
                0x000000000023100c                __wrap__malloc_r
 .text.__wrap__realloc_r
                0x0000000000231028       0x20 ../../../lib/libxrc.a(wrap_malloc.o)
                0x0000000000231028                __wrap__realloc_r
 .text.__wrap__free_r
                0x0000000000231048        0xc ../../../lib/libxrc.a(wrap_malloc.o)
                0x0000000000231048                __wrap__free_r
 .text.stdio_is_critical_context
                0x0000000000231054       0x24 ../../../lib/libxrc.a(wrap_stdio.o)
 .text.stdout_mutex_lock
                0x0000000000231078       0x28 ../../../lib/libxrc.a(wrap_stdio.o)
                0x0000000000231078                stdout_mutex_lock
 .text.stdout_mutex_unlock
                0x00000000002310a0       0x1c ../../../lib/libxrc.a(wrap_stdio.o)
                0x00000000002310a0                stdout_mutex_unlock
 .text.stdio_set_write
                0x00000000002310bc       0x18 ../../../lib/libxrc.a(wrap_stdio.o)
                0x00000000002310bc                stdio_set_write
 .text.__wrap_printf
                0x00000000002310d4       0x40 ../../../lib/libxrc.a(wrap_stdio.o)
                0x00000000002310d4                __wrap_printf
 .text.__wrap_vprintf
                0x0000000000231114       0x3c ../../../lib/libxrc.a(wrap_stdio.o)
                0x0000000000231114                __wrap_vprintf
 .text.__wrap_puts
                0x0000000000231150       0x38 ../../../lib/libxrc.a(wrap_stdio.o)
                0x0000000000231150                __wrap_puts
 .text.__wrap_vfprintf
                0x0000000000231188       0x2c ../../../lib/libxrc.a(wrap_stdio.o)
                0x0000000000231188                __wrap_vfprintf
 .text.__wrap_fputs
                0x00000000002311b4       0x1c ../../../lib/libxrc.a(wrap_stdio.o)
                0x00000000002311b4                __wrap_fputs
 .text.__wrap_putchar
                0x00000000002311d0       0x30 ../../../lib/libxrc.a(wrap_stdio.o)
                0x00000000002311d0                __wrap_putchar
 .text.__wrap_putc
                0x0000000000231200       0x1c ../../../lib/libxrc.a(wrap_stdio.o)
                0x0000000000231200                __wrap_putc
 .text.__wrap_fputc
                0x000000000023121c        0x4 ../../../lib/libxrc.a(wrap_stdio.o)
                0x000000000023121c                __wrap_fputc
 .text.__wrap_fflush
                0x0000000000231220        0x4 ../../../lib/libxrc.a(wrap_stdio.o)
                0x0000000000231220                __wrap_fflush
 .text.calloc   0x0000000000231224       0x10 /home/PDC-XRseries/tools/gcc-arm-none-eabi-10-2020-q4-major/bin/../lib/gcc/arm-none-eabi/10.2.1/../../../../arm-none-eabi/lib/thumb/v8-m.main+fp/softfp/libc_nano.a(lib_a-calloc.o)
                0x0000000000231224                calloc
 .text.__libc_init_array
                0x0000000000231234       0x48 /home/PDC-XRseries/tools/gcc-arm-none-eabi-10-2020-q4-major/bin/../lib/gcc/arm-none-eabi/10.2.1/../../../../arm-none-eabi/lib/thumb/v8-m.main+fp/softfp/libc_nano.a(lib_a-init.o)
                0x0000000000231234                __libc_init_array
 .text.malloc   0x000000000023127c       0x10 /home/PDC-XRseries/tools/gcc-arm-none-eabi-10-2020-q4-major/bin/../lib/gcc/arm-none-eabi/10.2.1/../../../../arm-none-eabi/lib/thumb/v8-m.main+fp/softfp/libc_nano.a(lib_a-malloc.o)
                0x000000000023127c                malloc
 .text.free     0x000000000023128c       0x10 /home/PDC-XRseries/tools/gcc-arm-none-eabi-10-2020-q4-major/bin/../lib/gcc/arm-none-eabi/10.2.1/../../../../arm-none-eabi/lib/thumb/v8-m.main+fp/softfp/libc_nano.a(lib_a-malloc.o)
                0x000000000023128c                free
 .text._calloc_r
                0x000000000023129c       0x1e /home/PDC-XRseries/tools/gcc-arm-none-eabi-10-2020-q4-major/bin/../lib/gcc/arm-none-eabi/10.2.1/../../../../arm-none-eabi/lib/thumb/v8-m.main+fp/softfp/libc_nano.a(lib_a-nano-callocr.o)
                0x000000000023129c                _calloc_r
 .text._raise_r
                0x00000000002312ba       0x50 /home/PDC-XRseries/tools/gcc-arm-none-eabi-10-2020-q4-major/bin/../lib/gcc/arm-none-eabi/10.2.1/../../../../arm-none-eabi/lib/thumb/v8-m.main+fp/softfp/libc_nano.a(lib_a-signal.o)
                0x00000000002312ba                _raise_r
 *fill*         0x000000000023130a        0x2 
 .text.raise    0x000000000023130c       0x10 /home/PDC-XRseries/tools/gcc-arm-none-eabi-10-2020-q4-major/bin/../lib/gcc/arm-none-eabi/10.2.1/../../../../arm-none-eabi/lib/thumb/v8-m.main+fp/softfp/libc_nano.a(lib_a-signal.o)
                0x000000000023130c                raise
 .text._kill_r  0x000000000023131c       0x24 /home/PDC-XRseries/tools/gcc-arm-none-eabi-10-2020-q4-major/bin/../lib/gcc/arm-none-eabi/10.2.1/../../../../arm-none-eabi/lib/thumb/v8-m.main+fp/softfp/libc_nano.a(lib_a-signalr.o)
                0x000000000023131c                _kill_r
 .text._getpid_r
                0x0000000000231340        0x4 /home/PDC-XRseries/tools/gcc-arm-none-eabi-10-2020-q4-major/bin/../lib/gcc/arm-none-eabi/10.2.1/../../../../arm-none-eabi/lib/thumb/v8-m.main+fp/softfp/libc_nano.a(lib_a-signalr.o)
                0x0000000000231340                _getpid_r
 .text._write_r
                0x0000000000231344       0x24 /home/PDC-XRseries/tools/gcc-arm-none-eabi-10-2020-q4-major/bin/../lib/gcc/arm-none-eabi/10.2.1/../../../../arm-none-eabi/lib/thumb/v8-m.main+fp/softfp/libc_nano.a(lib_a-writer.o)
                0x0000000000231344                _write_r
 .text.OS_MutexCreate
                0x0000000000231368       0x3c ../../../lib/ohos/libliteos_glue.a(libliteos_glue.os_mutex.o)
                0x0000000000231368                OS_MutexCreate
 .text.OS_MutexDelete
                0x00000000002313a4       0x16 ../../../lib/ohos/libliteos_glue.a(libliteos_glue.os_mutex.o)
                0x00000000002313a4                OS_MutexDelete
 *fill*         0x00000000002313ba        0x2 
 .text.OS_MutexLock
                0x00000000002313bc       0x38 ../../../lib/ohos/libliteos_glue.a(libliteos_glue.os_mutex.o)
                0x00000000002313bc                OS_MutexLock
 .text.OS_MutexUnlock
                0x00000000002313f4       0x12 ../../../lib/ohos/libliteos_glue.a(libliteos_glue.os_mutex.o)
                0x00000000002313f4                OS_MutexUnlock
 .text.OS_RecursiveMutexCreate
                0x0000000000231406        0x4 ../../../lib/ohos/libliteos_glue.a(libliteos_glue.os_mutex.o)
                0x0000000000231406                OS_RecursiveMutexCreate
 .text.OS_RecursiveMutexDelete
                0x000000000023140a        0x4 ../../../lib/ohos/libliteos_glue.a(libliteos_glue.os_mutex.o)
                0x000000000023140a                OS_RecursiveMutexDelete
 .text.OS_RecursiveMutexLock
                0x000000000023140e        0x4 ../../../lib/ohos/libliteos_glue.a(libliteos_glue.os_mutex.o)
                0x000000000023140e                OS_RecursiveMutexLock
 .text.OS_RecursiveMutexUnlock
                0x0000000000231412        0x4 ../../../lib/ohos/libliteos_glue.a(libliteos_glue.os_mutex.o)
                0x0000000000231412                OS_RecursiveMutexUnlock
 *fill*         0x0000000000231416        0x2 
 .text.OS_SemaphoreCreate
                0x0000000000231418       0x50 ../../../lib/ohos/libliteos_glue.a(libliteos_glue.os_semaphore.o)
                0x0000000000231418                OS_SemaphoreCreate
 .text.OS_SemaphoreCreateBinary
                0x0000000000231468        0x8 ../../../lib/ohos/libliteos_glue.a(libliteos_glue.os_semaphore.o)
                0x0000000000231468                OS_SemaphoreCreateBinary
 .text.OS_SemaphoreDelete
                0x0000000000231470       0x16 ../../../lib/ohos/libliteos_glue.a(libliteos_glue.os_semaphore.o)
                0x0000000000231470                OS_SemaphoreDelete
 *fill*         0x0000000000231486        0x2 
 .text.OS_SemaphoreWait
                0x0000000000231488       0x40 ../../../lib/ohos/libliteos_glue.a(libliteos_glue.os_semaphore.o)
                0x0000000000231488                OS_SemaphoreWait
 .text.OS_SemaphoreRelease
                0x00000000002314c8       0x12 ../../../lib/ohos/libliteos_glue.a(libliteos_glue.os_semaphore.o)
                0x00000000002314c8                OS_SemaphoreRelease
 *fill*         0x00000000002314da        0x2 
 .text.OS_ThreadCreate
                0x00000000002314dc       0x78 ../../../lib/ohos/libliteos_glue.a(libliteos_glue.os_thread.o)
                0x00000000002314dc                OS_ThreadCreate
 .text.OS_ThreadDelete
                0x0000000000231554       0x40 ../../../lib/ohos/libliteos_glue.a(libliteos_glue.os_thread.o)
                0x0000000000231554                OS_ThreadDelete
 .text.OS_ThreadStartScheduler
                0x0000000000231594        0x4 ../../../lib/ohos/libliteos_glue.a(libliteos_glue.os_thread.o)
                0x0000000000231594                OS_ThreadStartScheduler
 .text.OS_ThreadSuspendScheduler
                0x0000000000231598        0x4 ../../../lib/ohos/libliteos_glue.a(libliteos_glue.os_thread.o)
                0x0000000000231598                OS_ThreadSuspendScheduler
 .text.OS_ThreadResumeScheduler
                0x000000000023159c        0x4 ../../../lib/ohos/libliteos_glue.a(libliteos_glue.os_thread.o)
                0x000000000023159c                OS_ThreadResumeScheduler
 .text.OS_ThreadIsSchedulerRunning
                0x00000000002315a0       0x10 ../../../lib/ohos/libliteos_glue.a(libliteos_glue.os_thread.o)
                0x00000000002315a0                OS_ThreadIsSchedulerRunning
 .text.OS_ThreadList
                0x00000000002315b0        0x2 ../../../lib/ohos/libliteos_glue.a(libliteos_glue.os_thread.o)
                0x00000000002315b0                OS_ThreadList
 .text.OS_GetTicks
                0x00000000002315b2        0x8 ../../../lib/ohos/libliteos_glue.a(libliteos_glue.os_time.o)
                0x00000000002315b2                OS_GetTicks
 *fill*         0x00000000002315ba        0x2 
 .text.OS_MSleep
                0x00000000002315bc       0x20 ../../../lib/ohos/libliteos_glue.a(libliteos_glue.os_time.o)
                0x00000000002315bc                OS_MSleep
 .text.OS_TimerCreate
                0x00000000002315dc       0x88 ../../../lib/ohos/libliteos_glue.a(libliteos_glue.os_timer.o)
                0x00000000002315dc                OS_TimerCreate
 .text.OS_TimerDelete
                0x0000000000231664       0x18 ../../../lib/ohos/libliteos_glue.a(libliteos_glue.os_timer.o)
                0x0000000000231664                OS_TimerDelete
 .text.OS_TimerStart
                0x000000000023167c       0x14 ../../../lib/ohos/libliteos_glue.a(libliteos_glue.os_timer.o)
                0x000000000023167c                OS_TimerStart
 .text.OS_TimerChangePeriod
                0x0000000000231690       0x78 ../../../lib/ohos/libliteos_glue.a(libliteos_glue.os_timer.o)
                0x0000000000231690                OS_TimerChangePeriod
 .text.OS_TimerStop
                0x0000000000231708       0x14 ../../../lib/ohos/libliteos_glue.a(libliteos_glue.os_timer.o)
                0x0000000000231708                OS_TimerStop
 .text.OS_TimerIsActive